// Jest Snapshot v1, https://goo.gl/fbAQLP

exports[`PageError renders loading spinner component with required props 1`] = `
<DocumentFragment>
  .c0 {
  display: flex;
  color: #24292ebf;
  justify-content: center;
  align-items: center;
  width: 100%;
  height: 100%;
}

.c1 {
  display: inline-flex;
  align-items: center;
}

.c2 {
  display: flex;
  flex-direction: column;
  width: 100%;
  height: 100%;
}

.c3 {
  font-size: 16px;
}

<div
    class="c0"
  >
    <div
      class="c1"
    >
      <div
        class="c2"
      >
        <div
          class="c3"
        />
      </div>
    </div>
  </div>
</DocumentFragment>
`;
