// Jest Snapshot v1, https://goo.gl/fbAQLP

exports[`ProfileDropdown when the user is authenticated renders correctly and matches snapshot 1`] = `<DocumentFragment />`;
